Transaction 464 not found
